Archive member included to satisfy reference by file (symbol)

/Applications/Ac6/SystemWorkbench.app/Contents/Eclipse/plugins/fr.ac6.mcu.externaltools.arm-none.macos64_1.17.0.201812190825/tools/compiler/bin/../lib/gcc/arm-none-eabi/7.3.1/../../../../arm-none-eabi/lib/thumb/v7-m/libc.a(lib_a-errno.o)
                              src/syscalls.o (__errno)
/Applications/Ac6/SystemWorkbench.app/Contents/Eclipse/plugins/fr.ac6.mcu.externaltools.arm-none.macos64_1.17.0.201812190825/tools/compiler/bin/../lib/gcc/arm-none-eabi/7.3.1/../../../../arm-none-eabi/lib/thumb/v7-m/libc.a(lib_a-exit.o)
                              /Applications/Ac6/SystemWorkbench.app/Contents/Eclipse/plugins/fr.ac6.mcu.externaltools.arm-none.macos64_1.17.0.201812190825/tools/compiler/bin/../lib/gcc/arm-none-eabi/7.3.1/../../../../arm-none-eabi/lib/thumb/v7-m/crt0.o (exit)
/Applications/Ac6/SystemWorkbench.app/Contents/Eclipse/plugins/fr.ac6.mcu.externaltools.arm-none.macos64_1.17.0.201812190825/tools/compiler/bin/../lib/gcc/arm-none-eabi/7.3.1/../../../../arm-none-eabi/lib/thumb/v7-m/libc.a(lib_a-impure.o)
                              /Applications/Ac6/SystemWorkbench.app/Contents/Eclipse/plugins/fr.ac6.mcu.externaltools.arm-none.macos64_1.17.0.201812190825/tools/compiler/bin/../lib/gcc/arm-none-eabi/7.3.1/../../../../arm-none-eabi/lib/thumb/v7-m/libc.a(lib_a-exit.o) (_global_impure_ptr)
/Applications/Ac6/SystemWorkbench.app/Contents/Eclipse/plugins/fr.ac6.mcu.externaltools.arm-none.macos64_1.17.0.201812190825/tools/compiler/bin/../lib/gcc/arm-none-eabi/7.3.1/../../../../arm-none-eabi/lib/thumb/v7-m/libc.a(lib_a-init.o)
                              /Applications/Ac6/SystemWorkbench.app/Contents/Eclipse/plugins/fr.ac6.mcu.externaltools.arm-none.macos64_1.17.0.201812190825/tools/compiler/bin/../lib/gcc/arm-none-eabi/7.3.1/../../../../arm-none-eabi/lib/thumb/v7-m/crt0.o (__libc_init_array)
/Applications/Ac6/SystemWorkbench.app/Contents/Eclipse/plugins/fr.ac6.mcu.externaltools.arm-none.macos64_1.17.0.201812190825/tools/compiler/bin/../lib/gcc/arm-none-eabi/7.3.1/../../../../arm-none-eabi/lib/thumb/v7-m/libc.a(lib_a-memcpy.o)
                              Third-Party/FreeRTOS/org/Source/queue.o (memcpy)
/Applications/Ac6/SystemWorkbench.app/Contents/Eclipse/plugins/fr.ac6.mcu.externaltools.arm-none.macos64_1.17.0.201812190825/tools/compiler/bin/../lib/gcc/arm-none-eabi/7.3.1/../../../../arm-none-eabi/lib/thumb/v7-m/libc.a(lib_a-memset.o)
                              /Applications/Ac6/SystemWorkbench.app/Contents/Eclipse/plugins/fr.ac6.mcu.externaltools.arm-none.macos64_1.17.0.201812190825/tools/compiler/bin/../lib/gcc/arm-none-eabi/7.3.1/../../../../arm-none-eabi/lib/thumb/v7-m/crt0.o (memset)
/Applications/Ac6/SystemWorkbench.app/Contents/Eclipse/plugins/fr.ac6.mcu.externaltools.arm-none.macos64_1.17.0.201812190825/tools/compiler/bin/../lib/gcc/arm-none-eabi/7.3.1/../../../../arm-none-eabi/lib/thumb/v7-m/libc.a(lib_a-__call_atexit.o)
                              /Applications/Ac6/SystemWorkbench.app/Contents/Eclipse/plugins/fr.ac6.mcu.externaltools.arm-none.macos64_1.17.0.201812190825/tools/compiler/bin/../lib/gcc/arm-none-eabi/7.3.1/../../../../arm-none-eabi/lib/thumb/v7-m/libc.a(lib_a-exit.o) (__call_exitprocs)
/Applications/Ac6/SystemWorkbench.app/Contents/Eclipse/plugins/fr.ac6.mcu.externaltools.arm-none.macos64_1.17.0.201812190825/tools/compiler/bin/../lib/gcc/arm-none-eabi/7.3.1/../../../../arm-none-eabi/lib/thumb/v7-m/libc.a(lib_a-atexit.o)
                              /Applications/Ac6/SystemWorkbench.app/Contents/Eclipse/plugins/fr.ac6.mcu.externaltools.arm-none.macos64_1.17.0.201812190825/tools/compiler/bin/../lib/gcc/arm-none-eabi/7.3.1/../../../../arm-none-eabi/lib/thumb/v7-m/libc.a(lib_a-__call_atexit.o) (atexit)
/Applications/Ac6/SystemWorkbench.app/Contents/Eclipse/plugins/fr.ac6.mcu.externaltools.arm-none.macos64_1.17.0.201812190825/tools/compiler/bin/../lib/gcc/arm-none-eabi/7.3.1/../../../../arm-none-eabi/lib/thumb/v7-m/libc.a(lib_a-fini.o)
                              /Applications/Ac6/SystemWorkbench.app/Contents/Eclipse/plugins/fr.ac6.mcu.externaltools.arm-none.macos64_1.17.0.201812190825/tools/compiler/bin/../lib/gcc/arm-none-eabi/7.3.1/../../../../arm-none-eabi/lib/thumb/v7-m/libc.a(lib_a-__call_atexit.o) (__libc_fini_array)
/Applications/Ac6/SystemWorkbench.app/Contents/Eclipse/plugins/fr.ac6.mcu.externaltools.arm-none.macos64_1.17.0.201812190825/tools/compiler/bin/../lib/gcc/arm-none-eabi/7.3.1/../../../../arm-none-eabi/lib/thumb/v7-m/libc.a(lib_a-lock.o)
                              /Applications/Ac6/SystemWorkbench.app/Contents/Eclipse/plugins/fr.ac6.mcu.externaltools.arm-none.macos64_1.17.0.201812190825/tools/compiler/bin/../lib/gcc/arm-none-eabi/7.3.1/../../../../arm-none-eabi/lib/thumb/v7-m/libc.a(lib_a-__call_atexit.o) (__retarget_lock_acquire_recursive)
[...]
Memory Configuration

Name             Origin             Length             Attributes
RAM              0x0000000020000000 0x0000000000005000 xrw
ROM              0x0000000008000000 0x0000000000010000 xr
*default*        0x0000000000000000 0xffffffffffffffff

Linker script and memory map

LOAD /Applications/Ac6/SystemWorkbench.app/Contents/Eclipse/plugins/fr.ac6.mcu.externaltools.arm-none.macos64_1.17.0.201812190825/tools/compiler/bin/../lib/gcc/arm-none-eabi/7.3.1/thumb/v7-m/crti.o
LOAD /Applications/Ac6/SystemWorkbench.app/Contents/Eclipse/plugins/fr.ac6.mcu.externaltools.arm-none.macos64_1.17.0.201812190825/tools/compiler/bin/../lib/gcc/arm-none-eabi/7.3.1/thumb/v7-m/crtbegin.o
LOAD /Applications/Ac6/SystemWorkbench.app/Contents/Eclipse/plugins/fr.ac6.mcu.externaltools.arm-none.macos64_1.17.0.201812190825/tools/compiler/bin/../lib/gcc/arm-none-eabi/7.3.1/../../../../arm-none-eabi/lib/thumb/v7-m/crt0.o
LOAD CMSIS/core/core_cm3.o
LOAD StdPeriph_Driver/src/misc.o
LOAD StdPeriph_Driver/src/stm32f10x_adc.o
LOAD StdPeriph_Driver/src/stm32f10x_bkp.o
LOAD StdPeriph_Driver/src/stm32f10x_can.o
LOAD StdPeriph_Driver/src/stm32f10x_cec.o
LOAD StdPeriph_Driver/src/stm32f10x_crc.o
LOAD StdPeriph_Driver/src/stm32f10x_dac.o
LOAD StdPeriph_Driver/src/stm32f10x_dbgmcu.o
LOAD StdPeriph_Driver/src/stm32f10x_dma.o
LOAD StdPeriph_Driver/src/stm32f10x_exti.o
LOAD StdPeriph_Driver/src/stm32f10x_flash.o
LOAD StdPeriph_Driver/src/stm32f10x_fsmc.o
LOAD StdPeriph_Driver/src/stm32f10x_gpio.o
LOAD StdPeriph_Driver/src/stm32f10x_i2c.o
LOAD StdPeriph_Driver/src/stm32f10x_iwdg.o
LOAD StdPeriph_Driver/src/stm32f10x_pwr.o
LOAD StdPeriph_Driver/src/stm32f10x_rcc.o
LOAD StdPeriph_Driver/src/stm32f10x_rtc.o
LOAD StdPeriph_Driver/src/stm32f10x_sdio.o
LOAD StdPeriph_Driver/src/stm32f10x_spi.o
LOAD StdPeriph_Driver/src/stm32f10x_tim.o
LOAD StdPeriph_Driver/src/stm32f10x_usart.o
LOAD StdPeriph_Driver/src/stm32f10x_wwdg.o
LOAD Third-Party/FreeRTOS/org/Source/croutine.o
LOAD Third-Party/FreeRTOS/org/Source/event_groups.o
LOAD Third-Party/FreeRTOS/org/Source/list.o
LOAD Third-Party/FreeRTOS/org/Source/queue.o
LOAD Third-Party/FreeRTOS/org/Source/stream_buffer.o
LOAD Third-Party/FreeRTOS/org/Source/tasks.o
LOAD Third-Party/FreeRTOS/org/Source/timers.o
LOAD Third-Party/FreeRTOS/org/Source/portable/GCC/ARM_CM3/port.o
LOAD Third-Party/FreeRTOS/org/Source/portable/MemMang/heap_4.o
LOAD src/main.o
LOAD src/syscalls.o
LOAD src/system_stm32f10x.o
LOAD startup/startup_stm32.o
LOAD /Applications/Ac6/SystemWorkbench.app/Contents/Eclipse/plugins/fr.ac6.mcu.externaltools.arm-none.macos64_1.17.0.201812190825/tools/compiler/bin/../lib/gcc/arm-none-eabi/7.3.1/../../../../arm-none-eabi/lib/thumb/v7-m/libm.a
START GROUP
LOAD /Applications/Ac6/SystemWorkbench.app/Contents/Eclipse/plugins/fr.ac6.mcu.externaltools.arm-none.macos64_1.17.0.201812190825/tools/compiler/bin/../lib/gcc/arm-none-eabi/7.3.1/thumb/v7-m/libgcc.a
LOAD /Applications/Ac6/SystemWorkbench.app/Contents/Eclipse/plugins/fr.ac6.mcu.externaltools.arm-none.macos64_1.17.0.201812190825/tools/compiler/bin/../lib/gcc/arm-none-eabi/7.3.1/../../../../arm-none-eabi/lib/thumb/v7-m/libc.a
END GROUP
LOAD /Applications/Ac6/SystemWorkbench.app/Contents/Eclipse/plugins/fr.ac6.mcu.externaltools.arm-none.macos64_1.17.0.201812190825/tools/compiler/bin/../lib/gcc/arm-none-eabi/7.3.1/thumb/v7-m/crtend.o
LOAD /Applications/Ac6/SystemWorkbench.app/Contents/Eclipse/plugins/fr.ac6.mcu.externaltools.arm-none.macos64_1.17.0.201812190825/tools/compiler/bin/../lib/gcc/arm-none-eabi/7.3.1/thumb/v7-m/crtn.o
                0x0000000020005000                _estack = 0x20005000
                0x0000000000000000                _Min_Heap_Size = 0x0
                0x0000000000000400                _Min_Stack_Size = 0x400

.isr_vector     0x0000000008000000      0x130
                0x0000000008000000                . = ALIGN (0x4)
 *(.isr_vector)
 .isr_vector    0x0000000008000000      0x130 startup/startup_stm32.o
                0x0000000008000000                g_pfnVectors
                0x0000000008000130                . = ALIGN (0x4)

.text           0x0000000008000130     0x128c
                0x0000000008000130                . = ALIGN (0x4)
 *(.text)
 .text          0x0000000008000130       0x40 /Applications/Ac6/SystemWorkbench.app/Contents/Eclipse/plugins/fr.ac6.mcu.externaltools.arm-none.macos64_1.17.0.201812190825/tools/compiler/bin/../lib/gcc/arm-none-eabi/7.3.1/thumb/v7-m/crtbegin.o
 *(.text*)
 .text.RCC_DeInit
                0x0000000008000170       0x5c StdPeriph_Driver/src/stm32f10x_rcc.o
                0x0000000008000170                RCC_DeInit
 .text.vListInitialise
                0x00000000080001cc       0x3e Third-Party/FreeRTOS/org/Source/list.o
                0x00000000080001cc                vListInitialise
 .text.vListInitialiseItem
                0x000000000800020a       0x18 Third-Party/FreeRTOS/org/Source/list.o
                0x000000000800020a                vListInitialiseItem
 .text.vListInsertEnd
                0x0000000008000222       0x46 Third-Party/FreeRTOS/org/Source/list.o
                0x0000000008000222                vListInsertEnd
 .text.uxListRemove
                0x0000000008000268       0x52 Third-Party/FreeRTOS/org/Source/list.o
                0x0000000008000268                uxListRemove
 .text.xTaskCreate
                0x00000000080002ba       0x82 Third-Party/FreeRTOS/org/Source/tasks.o
                0x00000000080002ba                xTaskCreate
 .text.prvInitialiseNewTask
                0x000000000800033c       0xfe Third-Party/FreeRTOS/org/Source/tasks.o
 *fill*         0x000000000800043a        0x2 
 .text.prvAddNewTaskToReadyList
                0x000000000800043c       0xdc Third-Party/FreeRTOS/org/Source/tasks.o
 .text.vTaskStartScheduler
                0x0000000008000518       0x6c Third-Party/FreeRTOS/org/Source/tasks.o
                0x0000000008000518                vTaskStartScheduler
 .text.vTaskSuspendAll
                0x0000000008000584       0x1c Third-Party/FreeRTOS/org/Source/tasks.o
                0x0000000008000584                vTaskSuspendAll
 .text.xTaskResumeAll
                0x00000000080005a0      0x11c Third-Party/FreeRTOS/org/Source/tasks.o
                0x00000000080005a0                xTaskResumeAll
 .text.xTaskIncrementTick
                0x00000000080006bc      0x150 Third-Party/FreeRTOS/org/Source/tasks.o
                0x00000000080006bc                xTaskIncrementTick
 .text.vTaskSwitchContext
                0x000000000800080c       0x8c Third-Party/FreeRTOS/org/Source/tasks.o
                0x000000000800080c                vTaskSwitchContext
 .text.prvIdleTask
                0x0000000008000898       0x30 Third-Party/FreeRTOS/org/Source/tasks.o
 .text.prvInitialiseTaskLists
                0x00000000080008c8       0x80 Third-Party/FreeRTOS/org/Source/tasks.o
 .text.prvCheckTasksWaitingTermination
                0x0000000008000948       0x58 Third-Party/FreeRTOS/org/Source/tasks.o
 .text.prvDeleteTCB
                0x00000000080009a0       0x20 Third-Party/FreeRTOS/org/Source/tasks.o
 .text.prvResetNextTaskUnblockTime
                0x00000000080009c0       0x40 Third-Party/FreeRTOS/org/Source/tasks.o
 .text.pxPortInitialiseStack
                0x0000000008000a00       0x58 Third-Party/FreeRTOS/org/Source/portable/GCC/ARM_CM3/port.o
                0x0000000008000a00                pxPortInitialiseStack
 .text.prvTaskExitError
                0x0000000008000a58       0x2e Third-Party/FreeRTOS/org/Source/portable/GCC/ARM_CM3/port.o
 *fill*         0x0000000008000a86        0x2 
 .text.prvPortStartFirstTask
                0x0000000008000a88       0x20 Third-Party/FreeRTOS/org/Source/portable/GCC/ARM_CM3/port.o
 .text.xPortStartScheduler
                0x0000000008000aa8       0x40 Third-Party/FreeRTOS/org/Source/portable/GCC/ARM_CM3/port.o
                0x0000000008000aa8                xPortStartScheduler
 .text.vPortEnterCritical
                0x0000000008000ae8       0x30 Third-Party/FreeRTOS/org/Source/portable/GCC/ARM_CM3/port.o
                0x0000000008000ae8                vPortEnterCritical
 .text.vPortExitCritical
                0x0000000008000b18       0x30 Third-Party/FreeRTOS/org/Source/portable/GCC/ARM_CM3/port.o
                0x0000000008000b18                vPortExitCritical
 .text.vPortSetupTimerInterrupt
                0x0000000008000b48       0x34 Third-Party/FreeRTOS/org/Source/portable/GCC/ARM_CM3/port.o
                0x0000000008000b48                vPortSetupTimerInterrupt
 .text.pvPortMalloc
                0x0000000008000b7c      0x134 Third-Party/FreeRTOS/org/Source/portable/MemMang/heap_4.o
                0x0000000008000b7c                pvPortMalloc
 .text.vPortFree
                0x0000000008000cb0       0x80 Third-Party/FreeRTOS/org/Source/portable/MemMang/heap_4.o
                0x0000000008000cb0                vPortFree
 .text.prvHeapInit
                0x0000000008000d30       0xc4 Third-Party/FreeRTOS/org/Source/portable/MemMang/heap_4.o
 .text.prvInsertBlockIntoFreeList
                0x0000000008000df4       0xb0 Third-Party/FreeRTOS/org/Source/portable/MemMang/heap_4.o
 .text.main     0x0000000008000ea4       0x54 src/main.o
                0x0000000008000ea4                main
 .text.vTask1_handler
                0x0000000008000ef8        0xa src/main.o
                0x0000000008000ef8                vTask1_handler
 .text.vTask2_handler
                0x0000000008000f02        0xa src/main.o
                0x0000000008000f02                vTask2_handler
 .text.SystemInit
                0x0000000008000f0c       0x68 src/system_stm32f10x.o
                0x0000000008000f0c                SystemInit
 .text.SystemCoreClockUpdate
                0x0000000008000f74       0xd8 src/system_stm32f10x.o
                0x0000000008000f74                SystemCoreClockUpdate
 .text.SetSysClock
                0x000000000800104c        0xc src/system_stm32f10x.o
 .text.SetSysClockTo72
                0x0000000008001058      0x100 src/system_stm32f10x.o
 .text.Reset_Handler
                0x0000000008001158       0x50 startup/startup_stm32.o
                0x0000000008001158                Reset_Handler
 .text.Default_Handler
                0x00000000080011a8        0x2 startup/startup_stm32.o
                0x00000000080011a8                DMA2_Channel3_IRQHandler
                0x00000000080011a8                TIM8_TRG_COM_IRQHandler
                0x00000000080011a8                TIM8_CC_IRQHandler
                0x00000000080011a8                DebugMon_Handler
                0x00000000080011a8                TIM1_CC_IRQHandler
                0x00000000080011a8                HardFault_Handler
                0x00000000080011a8                TIM6_IRQHandler
                0x00000000080011a8                SysTick_Handler
                0x00000000080011a8                PVD_IRQHandler
                0x00000000080011a8                SDIO_IRQHandler
                0x00000000080011a8                PendSV_Handler
                0x00000000080011a8                NMI_Handler
                0x00000000080011a8                EXTI3_IRQHandler
                0x00000000080011a8                USB_HP_CAN_TX_IRQHandler
                0x00000000080011a8                EXTI0_IRQHandler
                0x00000000080011a8                I2C2_EV_IRQHandler
                0x00000000080011a8                UsageFault_Handler
                0x00000000080011a8                ADC1_2_IRQHandler
                0x00000000080011a8                SPI1_IRQHandler
                0x00000000080011a8                CAN_SCE_IRQHandler
                0x00000000080011a8                TAMPER_IRQHandler
                0x00000000080011a8                TIM8_UP_IRQHandler
                0x00000000080011a8                DMA2_Channel2_IRQHandler
                0x00000000080011a8                DMA1_Channel4_IRQHandler
                0x00000000080011a8                USART3_IRQHandler
                0x00000000080011a8                RTC_IRQHandler
                0x00000000080011a8                DMA1_Channel7_IRQHandler
                0x00000000080011a8                UART5_IRQHandler
                0x00000000080011a8                ADC3_IRQHandler
                0x00000000080011a8                TIM4_IRQHandler
                0x00000000080011a8                CAN_RX1_IRQHandler
                0x00000000080011a8                DMA2_Channel1_IRQHandler
                0x00000000080011a8                I2C1_EV_IRQHandler
                0x00000000080011a8                DMA1_Channel6_IRQHandler
                0x00000000080011a8                UART4_IRQHandler
                0x00000000080011a8                TIM3_IRQHandler
                0x00000000080011a8                RCC_IRQHandler
                0x00000000080011a8                TIM1_TRG_COM_IRQHandler
                0x00000000080011a8                DMA1_Channel1_IRQHandler
                0x00000000080011a8                Default_Handler
                0x00000000080011a8                EXTI15_10_IRQHandler
                0x00000000080011a8                TIM7_IRQHandler
                0x00000000080011a8                TIM5_IRQHandler
                0x00000000080011a8                EXTI9_5_IRQHandler
                0x00000000080011a8                SPI2_IRQHandler
                0x00000000080011a8                USB_LP_CAN_RX0_IRQHandler
                0x00000000080011a8                MemManage_Handler
                0x00000000080011a8                SVC_Handler
                0x00000000080011a8                DMA1_Channel5_IRQHandler
                0x00000000080011a8                EXTI4_IRQHandler
                0x00000000080011a8                DMA1_Channel3_IRQHandler
                0x00000000080011a8                FSMC_IRQHandler
                0x00000000080011a8                TIM1_UP_IRQHandler
                0x00000000080011a8                WWDG_IRQHandler
                0x00000000080011a8                TIM2_IRQHandler
                0x00000000080011a8                TIM1_BRK_IRQHandler
                0x00000000080011a8                EXTI1_IRQHandler
                0x00000000080011a8                RTCAlarm_IRQHandler
                0x00000000080011a8                DMA2_Channel4_5_IRQHandler
                0x00000000080011a8                USART2_IRQHandler
                0x00000000080011a8                I2C2_ER_IRQHandler
                0x00000000080011a8                DMA1_Channel2_IRQHandler
                0x00000000080011a8                TIM8_BRK_IRQHandler
                0x00000000080011a8                FLASH_IRQHandler
                0x00000000080011a8                BusFault_Handler
                0x00000000080011a8                USART1_IRQHandler
                0x00000000080011a8                SPI3_IRQHandler
                0x00000000080011a8                I2C1_ER_IRQHandler
                0x00000000080011a8                EXTI2_IRQHandler
 *fill*         0x00000000080011aa        0x2 
 .text.__libc_init_array
                0x00000000080011ac       0x48 /Applications/Ac6/SystemWorkbench.app/Contents/Eclipse/plugins/fr.ac6.mcu.externaltools.arm-none.macos64_1.17.0.201812190825/tools/compiler/bin/../lib/gcc/arm-none-eabi/7.3.1/../../../../arm-none-eabi/lib/thumb/v7-m/libc.a(lib_a-init.o)
                0x00000000080011ac                __libc_init_array
 .text.memset   0x00000000080011f4       0x94 /Applications/Ac6/SystemWorkbench.app/Contents/Eclipse/plugins/fr.ac6.mcu.externaltools.arm-none.macos64_1.17.0.201812190825/tools/compiler/bin/../lib/gcc/arm-none-eabi/7.3.1/../../../../arm-none-eabi/lib/thumb/v7-m/libc.a(lib_a-memset.o)
                0x00000000080011f4                memset
 .text.startup.register_fini
                0x0000000008001288       0x14 /Applications/Ac6/SystemWorkbench.app/Contents/Eclipse/plugins/fr.ac6.mcu.externaltools.arm-none.macos64_1.17.0.201812190825/tools/compiler/bin/../lib/gcc/arm-none-eabi/7.3.1/../../../../arm-none-eabi/lib/thumb/v7-m/libc.a(lib_a-__call_atexit.o)
 .text.atexit   0x000000000800129c        0xc /Applications/Ac6/SystemWorkbench.app/Contents/Eclipse/plugins/fr.ac6.mcu.externaltools.arm-none.macos64_1.17.0.201812190825/tools/compiler/bin/../lib/gcc/arm-none-eabi/7.3.1/../../../../arm-none-eabi/lib/thumb/v7-m/libc.a(lib_a-atexit.o)
                0x000000000800129c                atexit
 .text.__libc_fini_array
                0x00000000080012a8       0x34 /Applications/Ac6/SystemWorkbench.app/Contents/Eclipse/plugins/fr.ac6.mcu.externaltools.arm-none.macos64_1.17.0.201812190825/tools/compiler/bin/../lib/gcc/arm-none-eabi/7.3.1/../../../../arm-none-eabi/lib/thumb/v7-m/libc.a(lib_a-fini.o)
                0x00000000080012a8                __libc_fini_array
 .text.__retarget_lock_acquire_recursive
                0x00000000080012dc        0x4 /Applications/Ac6/SystemWorkbench.app/Contents/Eclipse/plugins/fr.ac6.mcu.externaltools.arm-none.macos64_1.17.0.201812190825/tools/compiler/bin/../lib/gcc/arm-none-eabi/7.3.1/../../../../arm-none-eabi/lib/thumb/v7-m/libc.a(lib_a-lock.o)
                0x00000000080012dc                __retarget_lock_acquire_recursive
 .text.__retarget_lock_release_recursive
                0x00000000080012e0        0x4 /Applications/Ac6/SystemWorkbench.app/Contents/Eclipse/plugins/fr.ac6.mcu.externaltools.arm-none.macos64_1.17.0.201812190825/tools/compiler/bin/../lib/gcc/arm-none-eabi/7.3.1/../../../../arm-none-eabi/lib/thumb/v7-m/libc.a(lib_a-lock.o)
                0x00000000080012e0                __retarget_lock_release_recursive
 .text.__register_exitproc
                0x00000000080012e4       0xc0 /Applications/Ac6/SystemWorkbench.app/Contents/Eclipse/plugins/fr.ac6.mcu.externaltools.arm-none.macos64_1.17.0.201812190825/tools/compiler/bin/../lib/gcc/arm-none-eabi/7.3.1/../../../../arm-none-eabi/lib/thumb/v7-m/libc.a(lib_a-__atexit.o)
                0x00000000080012e4                __register_exitproc
 *(.glue_7)
 .glue_7        0x00000000080013a4        0x0 linker stubs
 *(.glue_7t)
 .glue_7t       0x00000000080013a4        0x0 linker stubs
 *(.eh_frame)
 .eh_frame      0x00000000080013a4        0x0 /Applications/Ac6/SystemWorkbench.app/Contents/Eclipse/plugins/fr.ac6.mcu.externaltools.arm-none.macos64_1.17.0.201812190825/tools/compiler/bin/../lib/gcc/arm-none-eabi/7.3.1/thumb/v7-m/crtbegin.o
 *(.init)
 .init          0x00000000080013a4        0x4 /Applications/Ac6/SystemWorkbench.app/Contents/Eclipse/plugins/fr.ac6.mcu.externaltools.arm-none.macos64_1.17.0.201812190825/tools/compiler/bin/../lib/gcc/arm-none-eabi/7.3.1/thumb/v7-m/crti.o
                0x00000000080013a4                _init
 .init          0x00000000080013a8        0x8 /Applications/Ac6/SystemWorkbench.app/Contents/Eclipse/plugins/fr.ac6.mcu.externaltools.arm-none.macos64_1.17.0.201812190825/tools/compiler/bin/../lib/gcc/arm-none-eabi/7.3.1/thumb/v7-m/crtn.o
 *(.fini)
 .fini          0x00000000080013b0        0x4 /Applications/Ac6/SystemWorkbench.app/Contents/Eclipse/plugins/fr.ac6.mcu.externaltools.arm-none.macos64_1.17.0.201812190825/tools/compiler/bin/../lib/gcc/arm-none-eabi/7.3.1/thumb/v7-m/crti.o
                0x00000000080013b0                _fini
 .fini          0x00000000080013b4        0x8 /Applications/Ac6/SystemWorkbench.app/Contents/Eclipse/plugins/fr.ac6.mcu.externaltools.arm-none.macos64_1.17.0.201812190825/tools/compiler/bin/../lib/gcc/arm-none-eabi/7.3.1/thumb/v7-m/crtn.o
                0x00000000080013bc                . = ALIGN (0x4)
                0x00000000080013bc                _etext = .

.vfp11_veneer   0x00000000080013bc        0x0
 .vfp11_veneer  0x00000000080013bc        0x0 linker stubs

.v4_bx          0x00000000080013bc        0x0
 .v4_bx         0x00000000080013bc        0x0 linker stubs

.iplt           0x00000000080013bc        0x0
 .iplt          0x00000000080013bc        0x0 /Applications/Ac6/SystemWorkbench.app/Contents/Eclipse/plugins/fr.ac6.mcu.externaltools.arm-none.macos64_1.17.0.201812190825/tools/compiler/bin/../lib/gcc/arm-none-eabi/7.3.1/thumb/v7-m/crtbegin.o

.rodata         0x00000000080013bc       0x1c
                0x00000000080013bc                . = ALIGN (0x4)
 *(.rodata)
 .rodata        0x00000000080013bc        0x5 Third-Party/FreeRTOS/org/Source/tasks.o
 *fill*         0x00000000080013c1        0x3 
 .rodata        0x00000000080013c4        0xf src/main.o
 *(.rodata*)
 *fill*         0x00000000080013d3        0x1 
 .rodata._global_impure_ptr
                0x00000000080013d4        0x4 /Applications/Ac6/SystemWorkbench.app/Contents/Eclipse/plugins/fr.ac6.mcu.externaltools.arm-none.macos64_1.17.0.201812190825/tools/compiler/bin/../lib/gcc/arm-none-eabi/7.3.1/../../../../arm-none-eabi/lib/thumb/v7-m/libc.a(lib_a-impure.o)
                0x00000000080013d4                _global_impure_ptr
                0x00000000080013d8                . = ALIGN (0x4)

.rel.dyn        0x00000000080013d8        0x0
 .rel.iplt      0x00000000080013d8        0x0 /Applications/Ac6/SystemWorkbench.app/Contents/Eclipse/plugins/fr.ac6.mcu.externaltools.arm-none.macos64_1.17.0.201812190825/tools/compiler/bin/../lib/gcc/arm-none-eabi/7.3.1/thumb/v7-m/crtbegin.o

.ARM.extab      0x00000000080013d8        0x0
                0x00000000080013d8                . = ALIGN (0x4)
 *(.ARM.extab* .gnu.linkonce.armextab.*)
                0x00000000080013d8                . = ALIGN (0x4)

.ARM            0x00000000080013d8        0x0
                0x00000000080013d8                . = ALIGN (0x4)
                0x00000000080013d8                __exidx_start = .
 *(.ARM.exidx*)
                0x00000000080013d8                __exidx_end = .
                0x00000000080013d8                . = ALIGN (0x4)

.preinit_array  0x00000000080013d8        0x0
                0x00000000080013d8                . = ALIGN (0x4)
                0x00000000080013d8                PROVIDE (__preinit_array_start = .)
 *(.preinit_array*)
                0x00000000080013d8                PROVIDE (__preinit_array_end = .)
                0x00000000080013d8                . = ALIGN (0x4)

.init_array     0x00000000080013d8        0x8
                0x00000000080013d8                . = ALIGN (0x4)
                0x00000000080013d8                PROVIDE (__init_array_start = .)
 *(SORT_BY_NAME(.init_array.*))
 .init_array.00000
                0x00000000080013d8        0x4 /Applications/Ac6/SystemWorkbench.app/Contents/Eclipse/plugins/fr.ac6.mcu.externaltools.arm-none.macos64_1.17.0.201812190825/tools/compiler/bin/../lib/gcc/arm-none-eabi/7.3.1/../../../../arm-none-eabi/lib/thumb/v7-m/libc.a(lib_a-__call_atexit.o)
 *(.init_array*)
 .init_array    0x00000000080013dc        0x4 /Applications/Ac6/SystemWorkbench.app/Contents/Eclipse/plugins/fr.ac6.mcu.externaltools.arm-none.macos64_1.17.0.201812190825/tools/compiler/bin/../lib/gcc/arm-none-eabi/7.3.1/thumb/v7-m/crtbegin.o
                0x00000000080013e0                PROVIDE (__init_array_end = .)
                0x00000000080013e0                . = ALIGN (0x4)

.fini_array     0x00000000080013e0        0x4
                0x00000000080013e0                . = ALIGN (0x4)
                0x00000000080013e0                PROVIDE (__fini_array_start = .)
 *(SORT_BY_NAME(.fini_array.*))
 *(.fini_array*)
 .fini_array    0x00000000080013e0        0x4 /Applications/Ac6/SystemWorkbench.app/Contents/Eclipse/plugins/fr.ac6.mcu.externaltools.arm-none.macos64_1.17.0.201812190825/tools/compiler/bin/../lib/gcc/arm-none-eabi/7.3.1/thumb/v7-m/crtbegin.o
                0x00000000080013e4                PROVIDE (__fini_array_end = .)
                0x00000000080013e4                . = ALIGN (0x4)
                0x00000000080013e4                _sidata = LOADADDR (.data)

.data           0x0000000020000000      0x444 load address 0x00000000080013e4
                0x0000000020000000                . = ALIGN (0x4)
                0x0000000020000000                _sdata = .
 *(.data)
 .data          0x0000000020000000        0x4 Third-Party/FreeRTOS/org/Source/portable/GCC/ARM_CM3/port.o
 .data          0x0000000020000004       0x14 src/system_stm32f10x.o
                0x0000000020000004                SystemCoreClock
                0x0000000020000008                AHBPrescTable
 *(.data*)
 .data.impure_data
                0x0000000020000018      0x428 /Applications/Ac6/SystemWorkbench.app/Contents/Eclipse/plugins/fr.ac6.mcu.externaltools.arm-none.macos64_1.17.0.201812190825/tools/compiler/bin/../lib/gcc/arm-none-eabi/7.3.1/../../../../arm-none-eabi/lib/thumb/v7-m/libc.a(lib_a-impure.o)
 .data.__atexit_recursive_mutex
                0x0000000020000440        0x4 /Applications/Ac6/SystemWorkbench.app/Contents/Eclipse/plugins/fr.ac6.mcu.externaltools.arm-none.macos64_1.17.0.201812190825/tools/compiler/bin/../lib/gcc/arm-none-eabi/7.3.1/../../../../arm-none-eabi/lib/thumb/v7-m/libc.a(lib_a-__call_atexit.o)
                0x0000000020000440                __atexit_recursive_mutex
                0x0000000020000444                . = ALIGN (0x4)
                0x0000000020000444                _edata = .

.igot.plt       0x0000000020000444        0x0 load address 0x0000000008001828
 .igot.plt      0x0000000020000444        0x0 /Applications/Ac6/SystemWorkbench.app/Contents/Eclipse/plugins/fr.ac6.mcu.externaltools.arm-none.macos64_1.17.0.201812190825/tools/compiler/bin/../lib/gcc/arm-none-eabi/7.3.1/thumb/v7-m/crtbegin.o
                0x0000000020000444                . = ALIGN (0x4)

.bss            0x0000000020000444     0x316c load address 0x0000000008001828
                0x0000000020000444                _sbss = .
                0x0000000020000444                __bss_start__ = _sbss
 *(.bss)
 .bss           0x0000000020000444       0x1c /Applications/Ac6/SystemWorkbench.app/Contents/Eclipse/plugins/fr.ac6.mcu.externaltools.arm-none.macos64_1.17.0.201812190825/tools/compiler/bin/../lib/gcc/arm-none-eabi/7.3.1/thumb/v7-m/crtbegin.o
 .bss           0x0000000020000460      0x104 Third-Party/FreeRTOS/org/Source/tasks.o
                0x0000000020000460                pxCurrentTCB
 .bss           0x0000000020000564     0x3020 Third-Party/FreeRTOS/org/Source/portable/MemMang/heap_4.o
 .bss           0x0000000020003584        0x8 src/main.o
                0x0000000020003584                xTaskHandle1
                0x0000000020003588                xTaskHandle2
 *(.bss*)
 *(COMMON)
 COMMON         0x000000002000358c       0x21 /Applications/Ac6/SystemWorkbench.app/Contents/Eclipse/plugins/fr.ac6.mcu.externaltools.arm-none.macos64_1.17.0.201812190825/tools/compiler/bin/../lib/gcc/arm-none-eabi/7.3.1/../../../../arm-none-eabi/lib/thumb/v7-m/libc.a(lib_a-lock.o)
                0x000000002000358c                __lock___atexit_recursive_mutex
                0x0000000020003590                __lock___arc4random_mutex
                0x0000000020003594                __lock___env_recursive_mutex
                0x0000000020003598                __lock___sinit_recursive_mutex
                0x000000002000359c                __lock___malloc_recursive_mutex
                0x00000000200035a0                __lock___at_quick_exit_mutex
                0x00000000200035a4                __lock___dd_hash_mutex
                0x00000000200035a8                __lock___tz_mutex
                0x00000000200035ac                __lock___sfp_recursive_mutex
                0x00000000200035b0                . = ALIGN (0x4)
 *fill*         0x00000000200035ad        0x3 
                0x00000000200035b0                _ebss = .
                0x00000000200035b0                __bss_end__ = _ebss

._user_heap_stack
                0x00000000200035b0      0x400 load address 0x0000000008001828
                0x00000000200035b0                . = ALIGN (0x8)
                0x00000000200035b0                PROVIDE (end = .)
                [!provide]                        PROVIDE (_end = .)
                0x00000000200035b0                . = (. + _Min_Heap_Size)
                0x00000000200039b0                . = (. + _Min_Stack_Size)
 *fill*         0x00000000200035b0      0x400 
                0x00000000200039b0                . = ALIGN (0x8)

/DISCARD/
 libc.a(*)
 libm.a(*)
 libgcc.a(*)

.ARM.attributes
                0x0000000000000000       0x29
 *(.ARM.attributes)
 .ARM.attributes
                0x0000000000000000       0x1d /Applications/Ac6/SystemWorkbench.app/Contents/Eclipse/plugins/fr.ac6.mcu.externaltools.arm-none.macos64_1.17.0.201812190825/tools/compiler/bin/../lib/gcc/arm-none-eabi/7.3.1/thumb/v7-m/crti.o
 .ARM.attributes
                0x000000000000001d       0x2d /Applications/Ac6/SystemWorkbench.app/Contents/Eclipse/plugins/fr.ac6.mcu.externaltools.arm-none.macos64_1.17.0.201812190825/tools/compiler/bin/../lib/gcc/arm-none-eabi/7.3.1/thumb/v7-m/crtbegin.o
 .ARM.attributes
                0x000000000000004a       0x33 StdPeriph_Driver/src/stm32f10x_rcc.o
 .ARM.attributes
                0x000000000000007d       0x33 Third-Party/FreeRTOS/org/Source/list.o
 .ARM.attributes
                0x00000000000000b0       0x33 Third-Party/FreeRTOS/org/Source/tasks.o
 .ARM.attributes
                0x00000000000000e3       0x33 Third-Party/FreeRTOS/org/Source/portable/GCC/ARM_CM3/port.o
 .ARM.attributes
                0x0000000000000116       0x33 Third-Party/FreeRTOS/org/Source/portable/MemMang/heap_4.o
 .ARM.attributes
                0x0000000000000149       0x33 src/main.o
 .ARM.attributes
                0x000000000000017c       0x33 src/system_stm32f10x.o
 .ARM.attributes
                0x00000000000001af       0x21 startup/startup_stm32.o
 .ARM.attributes
                0x00000000000001d0       0x2d /Applications/Ac6/SystemWorkbench.app/Contents/Eclipse/plugins/fr.ac6.mcu.externaltools.arm-none.macos64_1.17.0.201812190825/tools/compiler/bin/../lib/gcc/arm-none-eabi/7.3.1/../../../../arm-none-eabi/lib/thumb/v7-m/libc.a(lib_a-impure.o)
 .ARM.attributes
                0x00000000000001fd       0x2d /Applications/Ac6/SystemWorkbench.app/Contents/Eclipse/plugins/fr.ac6.mcu.externaltools.arm-none.macos64_1.17.0.201812190825/tools/compiler/bin/../lib/gcc/arm-none-eabi/7.3.1/../../../../arm-none-eabi/lib/thumb/v7-m/libc.a(lib_a-init.o)
 .ARM.attributes
                0x000000000000022a       0x2d /Applications/Ac6/SystemWorkbench.app/Contents/Eclipse/plugins/fr.ac6.mcu.externaltools.arm-none.macos64_1.17.0.201812190825/tools/compiler/bin/../lib/gcc/arm-none-eabi/7.3.1/../../../../arm-none-eabi/lib/thumb/v7-m/libc.a(lib_a-memset.o)
 .ARM.attributes
                0x0000000000000257       0x2d /Applications/Ac6/SystemWorkbench.app/Contents/Eclipse/plugins/fr.ac6.mcu.externaltools.arm-none.macos64_1.17.0.201812190825/tools/compiler/bin/../lib/gcc/arm-none-eabi/7.3.1/../../../../arm-none-eabi/lib/thumb/v7-m/libc.a(lib_a-__call_atexit.o)
 .ARM.attributes
                0x0000000000000284       0x2d /Applications/Ac6/SystemWorkbench.app/Contents/Eclipse/plugins/fr.ac6.mcu.externaltools.arm-none.macos64_1.17.0.201812190825/tools/compiler/bin/../lib/gcc/arm-none-eabi/7.3.1/../../../../arm-none-eabi/lib/thumb/v7-m/libc.a(lib_a-atexit.o)
 .ARM.attributes
                0x00000000000002b1       0x2d /Applications/Ac6/SystemWorkbench.app/Contents/Eclipse/plugins/fr.ac6.mcu.externaltools.arm-none.macos64_1.17.0.201812190825/tools/compiler/bin/../lib/gcc/arm-none-eabi/7.3.1/../../../../arm-none-eabi/lib/thumb/v7-m/libc.a(lib_a-fini.o)
 .ARM.attributes
                0x00000000000002de       0x2d /Applications/Ac6/SystemWorkbench.app/Contents/Eclipse/plugins/fr.ac6.mcu.externaltools.arm-none.macos64_1.17.0.201812190825/tools/compiler/bin/../lib/gcc/arm-none-eabi/7.3.1/../../../../arm-none-eabi/lib/thumb/v7-m/libc.a(lib_a-lock.o)
 .ARM.attributes
                0x000000000000030b       0x2d /Applications/Ac6/SystemWorkbench.app/Contents/Eclipse/plugins/fr.ac6.mcu.externaltools.arm-none.macos64_1.17.0.201812190825/tools/compiler/bin/../lib/gcc/arm-none-eabi/7.3.1/../../../../arm-none-eabi/lib/thumb/v7-m/libc.a(lib_a-__atexit.o)
 .ARM.attributes
                0x0000000000000338       0x1d /Applications/Ac6/SystemWorkbench.app/Contents/Eclipse/plugins/fr.ac6.mcu.externaltools.arm-none.macos64_1.17.0.201812190825/tools/compiler/bin/../lib/gcc/arm-none-eabi/7.3.1/thumb/v7-m/crtn.o
OUTPUT(test2.elf elf32-littlearm)

.debug_info     0x0000000000000000     0x49a7
 .debug_info    0x0000000000000000      0x89c StdPeriph_Driver/src/stm32f10x_rcc.o
 .debug_info    0x000000000000089c      0xad0 Third-Party/FreeRTOS/org/Source/list.o
 .debug_info    0x000000000000136c     0x2184 Third-Party/FreeRTOS/org/Source/tasks.o
 .debug_info    0x00000000000034f0      0x2df Third-Party/FreeRTOS/org/Source/portable/GCC/ARM_CM3/port.o
 .debug_info    0x00000000000037cf      0xc1f Third-Party/FreeRTOS/org/Source/portable/MemMang/heap_4.o
 .debug_info    0x00000000000043ee      0x147 src/main.o
 .debug_info    0x0000000000004535      0x450 src/system_stm32f10x.o
 .debug_info    0x0000000000004985       0x22 startup/startup_stm32.o

.debug_abbrev   0x0000000000000000      0xe1f
 .debug_abbrev  0x0000000000000000      0x1d4 StdPeriph_Driver/src/stm32f10x_rcc.o
 .debug_abbrev  0x00000000000001d4      0x205 Third-Party/FreeRTOS/org/Source/list.o
 .debug_abbrev  0x00000000000003d9      0x388 Third-Party/FreeRTOS/org/Source/tasks.o
 .debug_abbrev  0x0000000000000761      0x1cb Third-Party/FreeRTOS/org/Source/portable/GCC/ARM_CM3/port.o
 .debug_abbrev  0x000000000000092c      0x273 Third-Party/FreeRTOS/org/Source/portable/MemMang/heap_4.o
 .debug_abbrev  0x0000000000000b9f       0xd0 src/main.o
 .debug_abbrev  0x0000000000000c6f      0x19e src/system_stm32f10x.o
 .debug_abbrev  0x0000000000000e0d       0x12 startup/startup_stm32.o

.debug_aranges  0x0000000000000000      0x498
 .debug_aranges
                0x0000000000000000      0x118 StdPeriph_Driver/src/stm32f10x_rcc.o
 .debug_aranges
                0x0000000000000118       0x40 Third-Party/FreeRTOS/org/Source/list.o
 .debug_aranges
                0x0000000000000158      0x1e8 Third-Party/FreeRTOS/org/Source/tasks.o
 .debug_aranges
                0x0000000000000340       0x70 Third-Party/FreeRTOS/org/Source/portable/GCC/ARM_CM3/port.o
 .debug_aranges
                0x00000000000003b0       0x58 Third-Party/FreeRTOS/org/Source/portable/MemMang/heap_4.o
 .debug_aranges
                0x0000000000000408       0x30 src/main.o
 .debug_aranges
                0x0000000000000438       0x38 src/system_stm32f10x.o
 .debug_aranges
                0x0000000000000470       0x28 startup/startup_stm32.o

.debug_ranges   0x0000000000000000      0x420
 .debug_ranges  0x0000000000000000      0x108 StdPeriph_Driver/src/stm32f10x_rcc.o
 .debug_ranges  0x0000000000000108       0x30 Third-Party/FreeRTOS/org/Source/list.o
 .debug_ranges  0x0000000000000138      0x1d8 Third-Party/FreeRTOS/org/Source/tasks.o
 .debug_ranges  0x0000000000000310       0x60 Third-Party/FreeRTOS/org/Source/portable/GCC/ARM_CM3/port.o
 .debug_ranges  0x0000000000000370       0x48 Third-Party/FreeRTOS/org/Source/portable/MemMang/heap_4.o
 .debug_ranges  0x00000000000003b8       0x20 src/main.o
 .debug_ranges  0x00000000000003d8       0x28 src/system_stm32f10x.o
 .debug_ranges  0x0000000000000400       0x20 startup/startup_stm32.o

.debug_macro    0x0000000000000000     0x10f1
 .debug_macro   0x0000000000000000      0x2a1 StdPeriph_Driver/src/stm32f10x_rcc.o
 .debug_macro   0x00000000000002a1      0x3dc StdPeriph_Driver/src/stm32f10x_rcc.o
 .debug_macro   0x000000000000067d      0x17a Third-Party/FreeRTOS/org/Source/list.o
 .debug_macro   0x00000000000007f7      0x267 Third-Party/FreeRTOS/org/Source/tasks.o
 .debug_macro   0x0000000000000a5e       0x10 Third-Party/FreeRTOS/org/Source/tasks.o
 .debug_macro   0x0000000000000a6e      0x172 Third-Party/FreeRTOS/org/Source/portable/GCC/ARM_CM3/port.o
 .debug_macro   0x0000000000000be0      0x1a1 Third-Party/FreeRTOS/org/Source/portable/MemMang/heap_4.o
 .debug_macro   0x0000000000000d81      0x1e8 src/main.o
 .debug_macro   0x0000000000000f69      0x188 src/system_stm32f10x.o

.debug_line     0x0000000000000000     0x38e1
 .debug_line    0x0000000000000000      0x8e2 StdPeriph_Driver/src/stm32f10x_rcc.o
 .debug_line    0x00000000000008e2      0x5d4 Third-Party/FreeRTOS/org/Source/list.o
 .debug_line    0x0000000000000eb6      0xeed Third-Party/FreeRTOS/org/Source/tasks.o
 .debug_line    0x0000000000001da3      0x609 Third-Party/FreeRTOS/org/Source/portable/GCC/ARM_CM3/port.o
 .debug_line    0x00000000000023ac      0x682 Third-Party/FreeRTOS/org/Source/portable/MemMang/heap_4.o
 .debug_line    0x0000000000002a2e      0x79c src/main.o
 .debug_line    0x00000000000031ca      0x69b src/system_stm32f10x.o
 .debug_line    0x0000000000003865       0x7c startup/startup_stm32.o

.debug_str      0x0000000000000000    0x5721c
 .debug_str     0x0000000000000000    0x4dbdf StdPeriph_Driver/src/stm32f10x_rcc.o
                                      0x4dd94 (size before relaxing)
 .debug_str     0x000000000004dbdf     0x66b8 Third-Party/FreeRTOS/org/Source/list.o
                                       0xa37d (size before relaxing)
 .debug_str     0x0000000000054297     0x2485 Third-Party/FreeRTOS/org/Source/tasks.o
                                       0xc83d (size before relaxing)
 .debug_str     0x000000000005671c      0x651 Third-Party/FreeRTOS/org/Source/portable/GCC/ARM_CM3/port.o
                                       0x8330 (size before relaxing)
 .debug_str     0x0000000000056d6d      0x33c Third-Party/FreeRTOS/org/Source/portable/MemMang/heap_4.o
                                       0xac51 (size before relaxing)
 .debug_str     0x00000000000570a9       0x52 src/main.o
                                      0x51278 (size before relaxing)
 .debug_str     0x00000000000570fb       0xf8 src/system_stm32f10x.o
                                      0x4d342 (size before relaxing)
 .debug_str     0x00000000000571f3       0x29 startup/startup_stm32.o
                                         0x58 (size before relaxing)

.comment        0x0000000000000000       0x7f
 .comment       0x0000000000000000       0x7f StdPeriph_Driver/src/stm32f10x_rcc.o
                                         0x80 (size before relaxing)
 .comment       0x000000000000007f       0x80 Third-Party/FreeRTOS/org/Source/list.o
 .comment       0x000000000000007f       0x80 Third-Party/FreeRTOS/org/Source/tasks.o
 .comment       0x000000000000007f       0x80 Third-Party/FreeRTOS/org/Source/portable/GCC/ARM_CM3/port.o
 .comment       0x000000000000007f       0x80 Third-Party/FreeRTOS/org/Source/portable/MemMang/heap_4.o
 .comment       0x000000000000007f       0x80 src/main.o
 .comment       0x000000000000007f       0x80 src/system_stm32f10x.o

.debug_frame    0x0000000000000000     0x13a8
 .debug_frame   0x0000000000000000      0x4f4 StdPeriph_Driver/src/stm32f10x_rcc.o
 .debug_frame   0x00000000000004f4       0xd8 Third-Party/FreeRTOS/org/Source/list.o
 .debug_frame   0x00000000000005cc      0x858 Third-Party/FreeRTOS/org/Source/tasks.o
 .debug_frame   0x0000000000000e24      0x160 Third-Party/FreeRTOS/org/Source/portable/GCC/ARM_CM3/port.o
 .debug_frame   0x0000000000000f84      0x12c Third-Party/FreeRTOS/org/Source/portable/MemMang/heap_4.o
 .debug_frame   0x00000000000010b0       0x68 src/main.o
 .debug_frame   0x0000000000001118       0x98 src/system_stm32f10x.o
 .debug_frame   0x00000000000011b0       0x2c /Applications/Ac6/SystemWorkbench.app/Contents/Eclipse/plugins/fr.ac6.mcu.externaltools.arm-none.macos64_1.17.0.201812190825/tools/compiler/bin/../lib/gcc/arm-none-eabi/7.3.1/../../../../arm-none-eabi/lib/thumb/v7-m/libc.a(lib_a-init.o)
 .debug_frame   0x00000000000011dc       0x38 /Applications/Ac6/SystemWorkbench.app/Contents/Eclipse/plugins/fr.ac6.mcu.externaltools.arm-none.macos64_1.17.0.201812190825/tools/compiler/bin/../lib/gcc/arm-none-eabi/7.3.1/../../../../arm-none-eabi/lib/thumb/v7-m/libc.a(lib_a-memset.o)
 .debug_frame   0x0000000000001214       0x5c /Applications/Ac6/SystemWorkbench.app/Contents/Eclipse/plugins/fr.ac6.mcu.externaltools.arm-none.macos64_1.17.0.201812190825/tools/compiler/bin/../lib/gcc/arm-none-eabi/7.3.1/../../../../arm-none-eabi/lib/thumb/v7-m/libc.a(lib_a-__call_atexit.o)
 .debug_frame   0x0000000000001270       0x20 /Applications/Ac6/SystemWorkbench.app/Contents/Eclipse/plugins/fr.ac6.mcu.externaltools.arm-none.macos64_1.17.0.201812190825/tools/compiler/bin/../lib/gcc/arm-none-eabi/7.3.1/../../../../arm-none-eabi/lib/thumb/v7-m/libc.a(lib_a-atexit.o)
 .debug_frame   0x0000000000001290       0x34 /Applications/Ac6/SystemWorkbench.app/Contents/Eclipse/plugins/fr.ac6.mcu.externaltools.arm-none.macos64_1.17.0.201812190825/tools/compiler/bin/../lib/gcc/arm-none-eabi/7.3.1/../../../../arm-none-eabi/lib/thumb/v7-m/libc.a(lib_a-fini.o)
 .debug_frame   0x00000000000012c4       0xb0 /Applications/Ac6/SystemWorkbench.app/Contents/Eclipse/plugins/fr.ac6.mcu.externaltools.arm-none.macos64_1.17.0.201812190825/tools/compiler/bin/../lib/gcc/arm-none-eabi/7.3.1/../../../../arm-none-eabi/lib/thumb/v7-m/libc.a(lib_a-lock.o)
 .debug_frame   0x0000000000001374       0x34 /Applications/Ac6/SystemWorkbench.app/Contents/Eclipse/plugins/fr.ac6.mcu.externaltools.arm-none.macos64_1.17.0.201812190825/tools/compiler/bin/../lib/gcc/arm-none-eabi/7.3.1/../../../../arm-none-eabi/lib/thumb/v7-m/libc.a(lib_a-__atexit.o)
